node.exe : FAIL packages/assistant/__tests__/assistant_proactive_suggestions.test.ts
En línea: 1 Carácter: 1
+ & "C:\Program Files\nodejs/node.exe" "C:\Program Files\nodejs/node_mo ...
+ ~~~~~~~~~~~~~~~~~~~~~~~~~~~~~~~~~~~~~~~~~~~~~~~~~~~~~~~~~~~~~~~~~~~~~
    + CategoryInfo          : NotSpecified: (FAIL packages/a...estions.test.ts:String) [], RemoteException
    + FullyQualifiedErrorId : NativeCommandError
 
  ÔùÅ Console

    console.info
      [ASSISTANT_FAST_PATH_SKIPPED] {"prompt":"prende la luz magica","reason":"no_strong_match"}

      at skip (packages/assistant/application/AssistantFastPathResolver.ts:29:21)

    console.info
      [ASSISTANT_SAFETY_GATE_BLOCK] Unknown target: "la luz magica"

      at AssistantConversationService.applySafetyGateV2 
(packages/assistant/application/AssistantConversationService.ts:1493:29)

    console.info
      [ASSISTANT_FAST_PATH_SKIPPED] {"prompt":"prende luz sala","reason":"no_strong_match"}

      at skip (packages/assistant/application/AssistantFastPathResolver.ts:29:21)

    console.info
      [ASSISTANT_FAST_PATH_SKIPPED] {"prompt":"por que fallo","reason":"no_command_verb_found"}

      at skip (packages/assistant/application/AssistantFastPathResolver.ts:29:21)

  ÔùÅ Assistant Proactive Suggestions ÔÇ║ should attach a suggestion to a success response

    expect(received).toContain(expected) // indexOf

    Expected substring: "­ƒÆí Would you like to create a scene?"
    Received string:    "No encontr├® un dispositivo llamado 'la luz magica'."

    [0m [90m 43 |[39m     [36mconst[39m mockExecutionRepo [33m=[39m 
createMockExecutionRecordRepository()[33m;[39m
     [90m 44 |[39m     [36mconst[39m mockSceneExecution [33m=[39m [36mnew[39m 
[33mSceneExecutionService[39m(mockDispatcher[33m,[39m mockExecutionRepo)[33m;[39m
    [31m[1m>[22m[39m[90m 45 |[39m
     [90m    |[39m [31m[1m^[22m[39m
     [90m 46 |[39m     service [33m=[39m [36mnew[39m [33mAssistantConversationService[39m(
     [90m 47 |[39m       mockInterpreter[33m,[39m
     [90m 48 |[39m       createMockAssistantConfirmationPolicy()[33m,[39m[0m

      at Object.<anonymous> (packages/assistant/__tests__/assistant_proactive_suggestions.test.ts:45:34)

PASS packages/assistant/__tests__/assistant_conversation_v2.test.ts
  ÔùÅ Console

    console.info
      [ASSISTANT_FAST_PATH_SKIPPED] {"prompt":"y esas?","reason":"no_command_verb_found"}

      at skip (packages/assistant/application/AssistantFastPathResolver.ts:29:21)

    console.info
      [ASSISTANT_FAST_PATH_APPROVED] {"prompt":"enciende luz sala","deviceId":"1","deviceName":"Luz 
Sala","command":"turn_on","confidence":1}

      at AssistantFastPathResolver.resolve (packages/assistant/application/AssistantFastPathResolver.ts:115:17)

    console.info
      [PLANNER_V2_MEMORY_SAVED] {"source":"fast_path","deviceId":"1","deviceName":"Luz Sala"}

      at AssistantConversationService.attemptFastPathExecution 
(packages/assistant/application/AssistantConversationService.ts:3231:21)

    console.info
      [ASSISTANT_FAST_PATH_SKIPPED] {"prompt":"qu├® luces est├ín encendidas","reason":"no_command_verb_found"}

      at skip (packages/assistant/application/AssistantFastPathResolver.ts:29:21)

    console.info
      [ASSISTANT_FAST_PATH_SKIPPED] {"prompt":"qu├® luces est├ín encendidas","reason":"no_command_verb_found"}

      at skip (packages/assistant/application/AssistantFastPathResolver.ts:29:21)

    console.info
      [ASSISTANT_FAST_PATH_SKIPPED] {"prompt":"qu├® luces est├ín encendidas","reason":"no_command_verb_found"}

      at skip (packages/assistant/application/AssistantFastPathResolver.ts:29:21)

    console.info
      [ASSISTANT_FAST_PATH_SKIPPED] {"prompt":"qu├® luces est├ín encendidas","reason":"no_command_verb_found"}

      at skip (packages/assistant/application/AssistantFastPathResolver.ts:29:21)

    console.debug
      [AssistantConversation] roomId "ghost-room-id" not found in room map

      at AssistantConversationService.resolveRoomName 
(packages/assistant/application/AssistantConversationService.ts:1773:25)

    console.debug
      [AssistantConversation] roomId "ghost-room-id" not found in room map

      at AssistantConversationService.resolveRoomName 
(packages/assistant/application/AssistantConversationService.ts:1773:25)
          at Array.map (<anonymous>)

    console.info
      [ASSISTANT_FAST_PATH_SKIPPED] {"prompt":"y esas de qu├® cuarto son","reason":"no_command_verb_found"}

      at skip (packages/assistant/application/AssistantFastPathResolver.ts:29:21)

    console.info
      [ASSISTANT_FAST_PATH_SKIPPED] {"prompt":"apaga la primera","reason":"no_strong_match"}

      at skip (packages/assistant/application/AssistantFastPathResolver.ts:29:21)

    console.info
      [ASSISTANT_FAST_PATH_SKIPPED] {"prompt":"enciende esa","reason":"no_strong_match"}

      at skip (packages/assistant/application/AssistantFastPathResolver.ts:29:21)

    console.info
      [ASSISTANT_FAST_PATH_SKIPPED] {"prompt":"enci├®ndela","reason":"no_command_verb_found"}

      at skip (packages/assistant/application/AssistantFastPathResolver.ts:29:21)

    console.info
      [PLANNER_V2_MEMORY_SAVED] {"deviceId":"dev-sala","deviceName":"Luz Sala"}

      at AssistantConversationService.attemptV2HybridExecution 
(packages/assistant/application/AssistantConversationService.ts:3290:25)

    console.info
      [ASSISTANT_FAST_PATH_SKIPPED] {"prompt":"enciende la cocina","reason":"no_strong_match"}

      at skip (packages/assistant/application/AssistantFastPathResolver.ts:29:21)

    console.info
      [PLANNER_V2_MEMORY_SAVED] {"deviceId":"dev-cocina","deviceName":"Luz Cocina"}

      at AssistantConversationService.attemptV2HybridExecution 
(packages/assistant/application/AssistantConversationService.ts:3290:25)

PASS packages/assistant/__tests__/assistant_ux_v2.test.ts
  ÔùÅ Console

    console.info
      [ASSISTANT_BULK_CONFIRMATION_REQUIRED] {"source":"bulk_fast_path","count":1,"command":"turn_off"}

      at AssistantConversationService.handleBulkFastPath 
(packages/assistant/application/AssistantConversationService.ts:3105:17)

    console.info
      [ASSISTANT_BULK_EXECUTION_APPROVED] {"count":1,"command":"turn_off"}

      at AssistantConversationService.handleBulkActionAccept 
(packages/assistant/application/AssistantConversationService.ts:1606:17)

    console.info
      [ASSISTANT_BULK_EXECUTION_CANCELLED] {"count":1,"command":"turn_off"}

      at AssistantConversationService.handleBulkActionReject 
(packages/assistant/application/AssistantConversationService.ts:1637:17)

    console.info
      [ASSISTANT_FAST_PATH_APPROVED] {"prompt":"enciende luz sala","deviceId":"light-1","deviceName":"Luz 
Sala","command":"turn_on","confidence":1}

      at AssistantFastPathResolver.resolve (packages/assistant/application/AssistantFastPathResolver.ts:115:17)

    console.info
      [PLANNER_V2_MEMORY_SAVED] {"source":"fast_path","deviceId":"light-1","deviceName":"Luz Sala"}

      at AssistantConversationService.attemptFastPathExecution 
(packages/assistant/application/AssistantConversationService.ts:3231:21)

    console.info
      [ASSISTANT_FAST_PATH_SKIPPED] {"prompt":"crea una escena para cine en la sala","reason":"no_command_verb_found"}

      at skip (packages/assistant/application/AssistantFastPathResolver.ts:29:21)

    console.debug
      [DRAFT DEBUG] room selected: { id: 'sala-id', name: 'Sala' }

      at AssistantConversationService.handleDraftCreation 
(packages/assistant/application/AssistantConversationService.ts:1078:25)

    console.debug
      [DRAFT DEBUG] all devices: [
        {
          id: 'd1',
          name: 'Luz',
          type: 'light',
          roomId: 'sala-id',
          integrationSource: 'test',
          capsCount: 0,
          state: { on: false }
        }
      ]

      at AssistantConversationService.handleDraftCreation 
(packages/assistant/application/AssistantConversationService.ts:1079:25)

    console.debug
      [DRAFT DEBUG] roomDevices count: 1

      at AssistantConversationService.handleDraftCreation 
(packages/assistant/application/AssistantConversationService.ts:1089:25)

    console.debug
      [DRAFT DEBUG] controllableDevices count: 1

      at AssistantConversationService.handleDraftCreation 
(packages/assistant/application/AssistantConversationService.ts:1106:25)

    console.info
      [PLANNER_V2_MEMORY_SAVED] {"source":"selection","deviceId":"dev-1","deviceName":"Luz Escritorio"}

      at AssistantConversationService.handleSelection 
(packages/assistant/application/AssistantConversationService.ts:1326:29)

    console.info
      [ASSISTANT_SELECTION_EXECUTED] {"source":"text_selection","deviceId":"dev-1","deviceName":"Luz 
Escritorio","command":"turn_off"}

      at AssistantConversationService.handleSelection 
(packages/assistant/application/AssistantConversationService.ts:1329:25)

    console.info
      [ASSISTANT_FAST_PATH_SKIPPED] {"prompt":"crea una escena para el estado de la habitacion 
sala","reason":"no_command_verb_found"}

      at skip (packages/assistant/application/AssistantFastPathResolver.ts:29:21)

    console.debug
      [DRAFT DEBUG] room selected: { id: 'r1', name: 'Sala' }

      at AssistantConversationService.handleDraftCreation 
(packages/assistant/application/AssistantConversationService.ts:1078:25)

    console.debug
      [DRAFT DEBUG] all devices: [
        {
          id: 'd1',
          name: 'Luz Sala',
          type: 'light',
          roomId: 'r1',
          integrationSource: 'test',
          capsCount: 0,
          state: { on: false }
        }
      ]

      at AssistantConversationService.handleDraftCreation 
(packages/assistant/application/AssistantConversationService.ts:1079:25)

    console.debug
      [DRAFT DEBUG] roomDevices count: 1

      at AssistantConversationService.handleDraftCreation 
(packages/assistant/application/AssistantConversationService.ts:1089:25)

    console.debug
      [DRAFT DEBUG] controllableDevices count: 1

      at AssistantConversationService.handleDraftCreation 
(packages/assistant/application/AssistantConversationService.ts:1106:25)

    console.info
      [ASSISTANT_FAST_PATH_SKIPPED] {"prompt":"crea una escena para apagar el cuarto 
master","reason":"no_command_verb_found"}

      at skip (packages/assistant/application/AssistantFastPathResolver.ts:29:21)

    console.debug
      [DRAFT DEBUG] room selected: { id: 'room-master', name: 'Cuarto Master' }

      at AssistantConversationService.handleDraftCreation 
(packages/assistant/application/AssistantConversationService.ts:1078:25)

    console.debug
      [DRAFT DEBUG] all devices: [
        {
          id: 'light-1',
          name: 'Luz Master 1',
          type: 'light',
          roomId: 'room-master',
          integrationSource: 'test',
          capsCount: 0,
          state: { on: false }
        },
        {
          id: 'light-2',
          name: 'Luz Master 2',
          type: 'light',
          roomId: 'room-master',
          integrationSource: 'test',
          capsCount: 0,
          state: { on: false }
        },
        {
          id: 'other',
          name: 'Other',
          type: 'light',
          roomId: 'other-room',
          integrationSource: 'test',
          capsCount: 0,
          state: { on: false }
        }
      ]

      at AssistantConversationService.handleDraftCreation 
(packages/assistant/application/AssistantConversationService.ts:1079:25)

    console.debug
      [DRAFT DEBUG] roomDevices count: 2

      at AssistantConversationService.handleDraftCreation 
(packages/assistant/application/AssistantConversationService.ts:1089:25)

    console.debug
      [DRAFT DEBUG] controllableDevices count: 2

      at AssistantConversationService.handleDraftCreation 
(packages/assistant/application/AssistantConversationService.ts:1106:25)

    console.info
      [ASSISTANT_FAST_PATH_SKIPPED] {"prompt":"crea una escena para la luna","reason":"no_command_verb_found"}

      at skip (packages/assistant/application/AssistantFastPathResolver.ts:29:21)

    console.debug
      [DRAFT DEBUG] Room not found. Prompt: "crea una escena para la luna"

      at AssistantConversationService.handleDraftCreation 
(packages/assistant/application/AssistantConversationService.ts:1067:29)

    console.debug
      [DRAFT DEBUG] Available rooms: []

      at AssistantConversationService.handleDraftCreation 
(packages/assistant/application/AssistantConversationService.ts:1068:29)

    console.info
      [ASSISTANT_FAST_PATH_SKIPPED] {"prompt":"crea una escena para el cuarto master","reason":"no_command_verb_found"}

      at skip (packages/assistant/application/AssistantFastPathResolver.ts:29:21)

    console.debug
      [DRAFT DEBUG] Room not found. Prompt: "crea una escena para el cuarto master"

      at AssistantConversationService.handleDraftCreation 
(packages/assistant/application/AssistantConversationService.ts:1067:29)

    console.debug
      [DRAFT DEBUG] Available rooms: []

      at AssistantConversationService.handleDraftCreation 
(packages/assistant/application/AssistantConversationService.ts:1068:29)

    console.info
      [ASSISTANT_FAST_PATH_SKIPPED] {"prompt":"crea una escena para el ba├▒o","reason":"no_command_verb_found"}

      at skip (packages/assistant/application/AssistantFastPathResolver.ts:29:21)

    console.debug
      [DRAFT DEBUG] room selected: { id: 'r1', name: 'Ba├▒o' }

      at AssistantConversationService.handleDraftCreation 
(packages/assistant/application/AssistantConversationService.ts:1078:25)

    console.debug
      [DRAFT DEBUG] all devices: [
        {
          id: 'sensor-1',
          name: 'Sensor Movimiento',
          type: 'sensor',
          roomId: 'r1',
          integrationSource: 'test',
          capsCount: 0,
          state: { on: false }
        }
      ]

      at AssistantConversationService.handleDraftCreation 
(packages/assistant/application/AssistantConversationService.ts:1079:25)

    console.debug
      [DRAFT DEBUG] roomDevices count: 1

      at AssistantConversationService.handleDraftCreation 
(packages/assistant/application/AssistantConversationService.ts:1089:25)

    console.debug
      [DRAFT DEBUG] controllableDevices count: 0

      at AssistantConversationService.handleDraftCreation 
(packages/assistant/application/AssistantConversationService.ts:1106:25)

    console.debug
      [DRAFT DEBUG] non-controllable device details: [
        {
          name: 'Sensor Movimiento',
          type: 'sensor',
          caps: [ 'sensor' ],
          state: undefined
        }
      ]

      at AssistantConversationService.handleDraftCreation 
(packages/assistant/application/AssistantConversationService.ts:1108:29)

    console.info
      [ASSISTANT_FAST_PATH_SKIPPED] {"prompt":"crea una escena para el garage","reason":"no_command_verb_found"}

      at skip (packages/assistant/application/AssistantFastPathResolver.ts:29:21)

    console.debug
      [DRAFT DEBUG] room selected: { id: 'r-empty', name: 'Garage' }

      at AssistantConversationService.handleDraftCreation 
(packages/assistant/application/AssistantConversationService.ts:1078:25)

    console.debug
      [DRAFT DEBUG] all devices: [
        {
          id: 'light-1',
          name: 'Luz Sala',
          type: 'light',
          roomId: 'other-room',
          integrationSource: 'test',
          capsCount: 0,
          state: { on: false }
        }
      ]

      at AssistantConversationService.handleDraftCreation 
(packages/assistant/application/AssistantConversationService.ts:1079:25)

    console.debug
      [DRAFT DEBUG] roomDevices count: 0

      at AssistantConversationService.handleDraftCreation 
(packages/assistant/application/AssistantConversationService.ts:1089:25)

    console.debug
      [DRAFT DEBUG] all device roomIds in DB: [ 'other-room' ]

      at AssistantConversationService.handleDraftCreation 
(packages/assistant/application/AssistantConversationService.ts:1092:29)

    console.info
      [ASSISTANT_FAST_PATH_SKIPPED] {"prompt":"crea una escena para la sala","reason":"no_command_verb_found"}

      at skip (packages/assistant/application/AssistantFastPathResolver.ts:29:21)

    console.debug
      [DRAFT DEBUG] room selected: { id: 'r1', name: 'Sala' }

      at AssistantConversationService.handleDraftCreation 
(packages/assistant/application/AssistantConversationService.ts:1078:25)

    console.debug
      [DRAFT DEBUG] all devices: [
        {
          id: 'light-1',
          name: 'Luz',
          type: 'light',
          roomId: 'r1',
          integrationSource: 'test',
          capsCount: 0,
          state: { on: false }
        }
      ]

      at AssistantConversationService.handleDraftCreation 
(packages/assistant/application/AssistantConversationService.ts:1079:25)

    console.debug
      [DRAFT DEBUG] roomDevices count: 1

      at AssistantConversationService.handleDraftCreation 
(packages/assistant/application/AssistantConversationService.ts:1089:25)

    console.debug
      [DRAFT DEBUG] controllableDevices count: 1

      at AssistantConversationService.handleDraftCreation 
(packages/assistant/application/AssistantConversationService.ts:1106:25)

    console.warn
      [AssistantConversation] Error in handleDraftCreation: Error: DB_FAIL
          at Object.<anonymous> 
(C:\Users\ocuen\Developer\Nezu\homepilot\packages\assistant\__tests__\assistant_ux_v2.test.ts:309:57)
          at Promise.then.completed 
(C:\Users\ocuen\Developer\Nezu\homepilot\node_modules\jest-circus\build\utils.js:298:28)
          at new Promise (<anonymous>)
          at callAsyncCircusFn (C:\Users\ocuen\Developer\Nezu\homepilot\node_modules\jest-circus\build\utils.js:231:10)
          at _callCircusTest (C:\Users\ocuen\Developer\Nezu\homepilot\node_modules\jest-circus\build\run.js:316:40)
          at _runTest (C:\Users\ocuen\Developer\Nezu\homepilot\node_modules\jest-circus\build\run.js:252:3)
          at _runTestsForDescribeBlock 
(C:\Users\ocuen\Developer\Nezu\homepilot\node_modules\jest-circus\build\run.js:126:9)
          at _runTestsForDescribeBlock 
(C:\Users\ocuen\Developer\Nezu\homepilot\node_modules\jest-circus\build\run.js:121:9)
          at run (C:\Users\ocuen\Developer\Nezu\homepilot\node_modules\jest-circus\build\run.js:71:3)
          at runAndTransformResultsToJestFormat (C:\Users\ocuen\Developer\Nezu\homepilot\node_modules\jest-circus\build
\legacy-code-todo-rewrite\jestAdapterInit.js:122:21)
          at jestAdapter 
(C:\Users\ocuen\Developer\Nezu\homepilot\node_modules\jest-circus\build\legacy-code-todo-rewrite\jestAdapter.js:79:19)
          at runTestInternal (C:\Users\ocuen\Developer\Nezu\homepilot\node_modules\jest-runner\build\runTest.js:367:16)
          at runTest (C:\Users\ocuen\Developer\Nezu\homepilot\node_modules\jest-runner\build\runTest.js:444:34)

    [0m [90m 1173 |[39m           id[33m:[39m d[33m.[39mid[33m,[39m name[33m:[39m 
d[33m.[39mname[33m,[39m type[33m:[39m d[33m.[39mtype[33m,[39m roomId[33m:[39m d[33m.[39mroomId[33m,[39m
     [90m 1174 |[39m           integrationSource[33m:[39m d[33m.[39mintegrationSource[33m,[39m
    [31m[1m>[22m[39m[90m 1175 |[39m           capsCount[33m:[39m 
d[33m.[39mcapabilities[33m?[39m[33m.[39mlength [33m?[39m[33m?[39m [32m'none'[39m[33m,[39m
     [90m      |[39m                         [31m[1m^[22m[39m
     [90m 1176 |[39m           state[33m:[39m d[33m.[39mlastKnownState
     [90m 1177 |[39m         })))[33m;[39m
     [90m 1178 |[39m       }[0m

      at AssistantConversationService.handleDraftCreation 
(packages/assistant/application/AssistantConversationService.ts:1175:25)
      at AssistantConversationService.converse (packages/assistant/application/AssistantConversationService.ts:343:20)
      at Object.<anonymous> (packages/assistant/__tests__/assistant_ux_v2.test.ts:310:21)

    console.info
      [ASSISTANT_FAST_PATH_SKIPPED] {"prompt":"crea una escena para la sala","reason":"no_command_verb_found"}

      at skip (packages/assistant/application/AssistantFastPathResolver.ts:29:21)

    console.debug
      [DRAFT DEBUG] room selected: { id: 'r1', name: 'Sala' }

      at AssistantConversationService.handleDraftCreation 
(packages/assistant/application/AssistantConversationService.ts:1078:25)

    console.debug
      [DRAFT DEBUG] all devices: [
        {
          id: 'light-1',
          name: 'Luz',
          type: 'light',
          roomId: 'r1',
          integrationSource: 'test',
          capsCount: 0,
          state: { on: false }
        }
      ]

      at AssistantConversationService.handleDraftCreation 
(packages/assistant/application/AssistantConversationService.ts:1079:25)

    console.debug
      [DRAFT DEBUG] roomDevices count: 1

      at AssistantConversationService.handleDraftCreation 
(packages/assistant/application/AssistantConversationService.ts:1089:25)

    console.debug
      [DRAFT DEBUG] controllableDevices count: 1

      at AssistantConversationService.handleDraftCreation 
(packages/assistant/application/AssistantConversationService.ts:1106:25)

    console.info
      [ASSISTANT_FAST_PATH_SKIPPED] {"prompt":"qu├® estancias conoces","reason":"no_command_verb_found"}

      at skip (packages/assistant/application/AssistantFastPathResolver.ts:29:21)

    console.info
      [ASSISTANT_FAST_PATH_SKIPPED] {"prompt":"crea una escena para apagar el cuarto 
master","reason":"no_command_verb_found"}

      at skip (packages/assistant/application/AssistantFastPathResolver.ts:29:21)

    console.debug
      [DRAFT DEBUG] room selected: { id: 'room-master', name: 'Cuarto Master' }

      at AssistantConversationService.handleDraftCreation 
(packages/assistant/application/AssistantConversationService.ts:1078:25)

    console.debug
      [DRAFT DEBUG] all devices: [
        {
          id: 'light-1',
          name: 'Luz',
          type: 'light',
          roomId: 'room-master',
          integrationSource: 'test',
          capsCount: 0,
          state: { on: false }
        }
      ]

      at AssistantConversationService.handleDraftCreation 
(packages/assistant/application/AssistantConversationService.ts:1079:25)

    console.debug
      [DRAFT DEBUG] roomDevices count: 1

      at AssistantConversationService.handleDraftCreation 
(packages/assistant/application/AssistantConversationService.ts:1089:25)

    console.debug
      [DRAFT DEBUG] controllableDevices count: 1

      at AssistantConversationService.handleDraftCreation 
(packages/assistant/application/AssistantConversationService.ts:1106:25)

    console.info
      [ASSISTANT_FAST_PATH_SKIPPED] {"prompt":"estado de las luces","reason":"no_command_verb_found"}

      at skip (packages/assistant/application/AssistantFastPathResolver.ts:29:21)

    console.info
      [ASSISTANT_FAST_PATH_SKIPPED] {"prompt":"es lo mismo que decir cuartos?","reason":"no_command_verb_found"}

      at skip (packages/assistant/application/AssistantFastPathResolver.ts:29:21)

    console.info
      [ASSISTANT_FAST_PATH_SKIPPED] {"prompt":"is room the same as area?","reason":"no_command_verb_found"}

      at skip (packages/assistant/application/AssistantFastPathResolver.ts:29:21)

    console.info
      [ASSISTANT_FAST_PATH_SKIPPED] {"prompt":"crea una escena para apagar la sala","reason":"no_command_verb_found"}

      at skip (packages/assistant/application/AssistantFastPathResolver.ts:29:21)

    console.debug
      [DRAFT DEBUG] room selected: { id: 'r-switch', name: 'Sala' }

      at AssistantConversationService.handleDraftCreation 
(packages/assistant/application/AssistantConversationService.ts:1078:25)

    console.debug
      [DRAFT DEBUG] all devices: [
        {
          id: 'sw-1',
          name: 'Interruptor Sala',
          type: 'switch',
          roomId: 'r-switch',
          integrationSource: 'test',
          capsCount: 0,
          state: { on: false }
        },
        {
          id: 'sw-2',
          name: 'Interruptor Comedor',
          type: 'switch',
          roomId: 'r-switch',
          integrationSource: 'test',
          capsCount: 0,
          state: { on: false }
        },
        {
          id: 'sns-1',
          name: 'Sensor Movimiento',
          type: 'sensor',
          roomId: 'r-switch',
          integrationSource: 'test',
          capsCount: 0,
          state: { on: false }
        }
      ]

      at AssistantConversationService.handleDraftCreation 
(packages/assistant/application/AssistantConversationService.ts:1079:25)

    console.debug
      [DRAFT DEBUG] roomDevices count: 3

      at AssistantConversationService.handleDraftCreation 
(packages/assistant/application/AssistantConversationService.ts:1089:25)

    console.debug
      [DRAFT DEBUG] controllableDevices count: 2

      at AssistantConversationService.handleDraftCreation 
(packages/assistant/application/AssistantConversationService.ts:1106:25)

    console.info
      [ASSISTANT_FAST_PATH_SKIPPED] {"prompt":"crea una escena para apagar el cuarto 
inexistente","reason":"no_command_verb_found"}

      at skip (packages/assistant/application/AssistantFastPathResolver.ts:29:21)

    console.debug
      [DRAFT DEBUG] Room not found. Prompt: "crea una escena para apagar el cuarto inexistente"

      at AssistantConversationService.handleDraftCreation 
(packages/assistant/application/AssistantConversationService.ts:1067:29)

    console.debug
      [DRAFT DEBUG] Available rooms: [ { id: 'r1', name: 'Sala' } ]

      at AssistantConversationService.handleDraftCreation 
(packages/assistant/application/AssistantConversationService.ts:1068:29)

    console.info
      [ASSISTANT_FAST_PATH_SKIPPED] {"prompt":"qu├® estancias conoces","reason":"no_command_verb_found"}

      at skip (packages/assistant/application/AssistantFastPathResolver.ts:29:21)

    console.info
      [ASSISTANT_FAST_PATH_SKIPPED] {"prompt":"crea una escena para apagar la luna","reason":"no_command_verb_found"}

      at skip (packages/assistant/application/AssistantFastPathResolver.ts:29:21)

    console.debug
      [DRAFT DEBUG] Room not found. Prompt: "crea una escena para apagar la luna"

      at AssistantConversationService.handleDraftCreation 
(packages/assistant/application/AssistantConversationService.ts:1067:29)

    console.debug
      [DRAFT DEBUG] Available rooms: []

      at AssistantConversationService.handleDraftCreation 
(packages/assistant/application/AssistantConversationService.ts:1068:29)

    console.info
      [ASSISTANT_FAST_PATH_SKIPPED] {"prompt":"crea una escena para apagar la sala","reason":"no_command_verb_found"}

      at skip (packages/assistant/application/AssistantFastPathResolver.ts:29:21)

    console.debug
      [DRAFT DEBUG] room selected: { id: 'r-sala', name: 'Sala' }

      at AssistantConversationService.handleDraftCreation 
(packages/assistant/application/AssistantConversationService.ts:1078:25)

    console.debug
      [DRAFT DEBUG] all devices: [
        {
          id: 'unassigned',
          name: 'Luz Sin Asignar',
          type: 'light',
          roomId: null,
          integrationSource: 'test',
          capsCount: 0,
          state: { on: false }
        },
        {
          id: 'assigned',
          name: 'Luz Sala',
          type: 'light',
          roomId: 'r-sala',
          integrationSource: 'test',
          capsCount: 0,
          state: { on: false }
        }
      ]

      at AssistantConversationService.handleDraftCreation 
(packages/assistant/application/AssistantConversationService.ts:1079:25)

    console.debug
      [DRAFT DEBUG] roomDevices count: 1

      at AssistantConversationService.handleDraftCreation 
(packages/assistant/application/AssistantConversationService.ts:1089:25)

    console.debug
      [DRAFT DEBUG] controllableDevices count: 1

      at AssistantConversationService.handleDraftCreation 
(packages/assistant/application/AssistantConversationService.ts:1106:25)


Test Suites: 1 failed, 2 passed, 3 total
Tests:       1 failed, 45 passed, 46 total
Snapshots:   0 total
Time:        1.819 s, estimated 3 s
Ran all test suites matching /packages\\assistant\\__tests__\\assistant_conversation_v2.test.ts|packages\\assistant\\__
tests__\\assistant_ux_v2.test.ts|packages\\assistant\\__tests__\\assistant_proactive_suggestions.test.ts/i.
