bootstrap.ts(539,5): error TS2741: Property 'systemVariableRepository' is missing in type '{ dashboardRepository: SQLiteDashboardRepository; homeRepository: SQLiteHomeRepository; roomRepository: SQLiteRoomRepository; ... 7 more ...; systemSetupRepository: SqliteSystemSetupRepository; }' but required in type '{ dashboardRepository: SQLiteDashboardRepository; homeRepository: SQLiteHomeRepository; roomRepository: SQLiteRoomRepository; ... 8 more ...; systemVariableRepository: SqliteSystemVariableRepository; }'.
bootstrap.ts(552,5): error TS2741: Property 'systemVariableService' is missing in type '{ dashboardService: DashboardService; homeAssistantSettingsService: HomeAssistantSettingsService; diagnosticsService: DiagnosticsService; ... 5 more ...; haImportService: HomeAssistantImportService; }' but required in type '{ dashboardService: DashboardService; homeAssistantSettingsService: HomeAssistantSettingsService; diagnosticsService: DiagnosticsService; ... 6 more ...; systemVariableService: SystemVariableService; }'.
